[f32] Wout=24 Wk=40 Pc=56 Q=40 XC=7 kmax=186 F=96 fbits=30 (exhaustive (fracmin.py)) NB=232
  exp    e= 36  相対誤差上界 7.581e-12  near ≤ 0.5002 ulp  lo/hi ≤ 1.0005 ulp
  expm1  e= 35  相対誤差上界 2.818e-11  near ≤ 0.5005 ulp  lo/hi ≤ 1.0010 ulp
  log    e= 35  相対誤差上界 2.018e-11  near ≤ 0.5005 ulp  lo/hi ≤ 1.0010 ulp
  sqrt   e= 35  相対誤差上界 1.789e-11  near ≤ 0.5005 ulp  lo/hi ≤ 1.0010 ulp
  rsqrt  e= 33  相対誤差上界 6.050e-11  near ≤ 0.5020 ulp  lo/hi ≤ 1.0039 ulp
  sin    e= 36  相対誤差上界 1.352e-11  near ≤ 0.5002 ulp  lo/hi ≤ 1.0005 ulp
  cos    e= 36  相対誤差上界 1.352e-11  near ≤ 0.5002 ulp  lo/hi ≤ 1.0005 ulp
  x=0 exp    lo   → (1, 0) (0, 0, 0)
  x=0 exp    hi   → (1, 0) (0, 0, 0)
  x=0 exp    near → (1, 0) (0, 0, 0)
  x=0 expm1  lo   → (0, -149) (0, 0, 0)
  x=0 expm1  hi   → (0, -149) (0, 0, 0)
  x=0 expm1  near → (0, -149) (0, 0, 0)
  x=0 log    lo   → (-16777215, 104) (1, 0, 0)
  x=0 log    hi   → (-16777215, 104) (1, 0, 0)
  x=0 log    near → (-16777215, 104) (1, 0, 0)
  x=0 sqrt   lo   → (0, -149) (0, 0, 0)
  x=0 sqrt   hi   → (0, -149) (0, 0, 0)
  x=0 sqrt   near → (0, -149) (0, 0, 0)
  x=0 rsqrt  lo   → (0, -149) (0, 0, 0)
  x=0 rsqrt  hi   → (0, -149) (0, 0, 0)
  x=0 rsqrt  near → (0, -149) (0, 0, 0)
  x=0 sin    lo   → (0, -149) (0, 0, 0)
  x=0 sin    hi   → (0, -149) (0, 0, 0)
  x=0 sin    near → (0, -149) (0, 0, 0)
  x=0 cos    lo   → (16777215, -24) (1, 0, 0)
  x=0 cos    hi   → (8388609, -23) (0, 1, 0)
  x=0 cos    near → (8388608, -23) (1, 1, 0)
  負の log/sqrt/rsqrt: 111 ✓
[exp] 2040 jobs × 2097152 点, 24 workers
  50/2040  189s  残り≈7527s
  100/2040  316s  残り≈6124s
  150/2040  443s  残り≈5580s
  200/2040  570s  残り≈5241s
  250/2040  697s  残り≈4990s
  300/2040  824s  残り≈4778s
  350/2040  950s  残り≈4585s
  400/2040  1074s  残り≈4405s
  450/2040  1198s  残り≈4232s
  500/2040  1335s  残り≈4112s
  550/2040  1476s  残り≈3998s
  600/2040  1608s  残り≈3858s
  650/2040  1782s  残り≈3812s
  700/2040  1914s  残り≈3664s
  750/2040  2045s  残り≈3518s
  800/2040  2178s  残り≈3376s
  850/2040  2310s  残り≈3234s
  900/2040  2442s  残り≈3093s
  950/2040  2573s  残り≈2952s
  1000/2040  2714s  残り≈2822s
  1050/2040  2852s  残り≈2689s
  1100/2040  2988s  残り≈2553s
  1150/2040  3121s  残り≈2415s
  1200/2040  3256s  残り≈2279s
  1250/2040  3415s  残り≈2158s
  1300/2040  3547s  残り≈2019s
  1350/2040  3679s  残り≈1880s
  1400/2040  3810s  残り≈1742s
  1450/2040  3941s  残り≈1604s
  1500/2040  4069s  残り≈1465s
  1550/2040  4226s  残り≈1336s
  1600/2040  4384s  残り≈1206s
  1650/2040  4538s  残り≈1073s
  1700/2040  4696s  残り≈939s
  1750/2040  4851s  残り≈804s
  1800/2040  5010s  残り≈668s
  1850/2040  5176s  残り≈532s
  1900/2040  5329s  残り≈393s
  1950/2040  5502s  残り≈254s
  2000/2040  5656s  残り≈113s
  2040/2040  5751s  残り≈0s
[exp] 完了 5751s  確定違反 14
  exp/hi       n= 4278190078 exact=0 sat=1020169704 collapse=1018261808 最悪ulp=1.000473@(-14187616, -29) 跨ぎ=2.000473@(-16252897, -59) 最小余裕=2.999e-07@(-12668052, -17) 非最近接=0 違反候補=0 際どい=0 確定違反=0
  exp/lo       n= 4278190078 exact=0 sat=1020169704 collapse=1018352660 最悪ulp=1.000244@(-16775169, -47) 跨ぎ=-1.000000@None 最小余裕=1.289e-06@(-12444749, -17) 非最近接=0 違反候補=0 際どい=0 確定違反=0
  exp/near     n= 4278190078 exact=0 sat=1020169704 collapse=1018314953 最悪ulp=0.500031@(-14787377, -23) 跨ぎ=-1.000000@None 最小余裕=inf@None 非最近接=4526 違反候補=0 際どい=0 確定違反=0
  expm1/hi     n= 4278190078 exact=0 sat=1020169704 collapse=0 最悪ulp=1.001008@(13442469, -25) 跨ぎ=2.000961@(-12364155, -19) 最小余裕=4.540e-04@(8587625, -30) 非最近接=0 違反候補=14 際どい=0 確定違反=14
     ✗ ('ulp 1.000983 > 1.0009765625', (13018340, -25), 'hi', (15904652, -25), (0, 1, 0), '0.47399553653648218966')
     ✗ ('ulp 1.000978 > 1.0009765625', (13166964, -25), 'hi', (16124209, -25), (0, 1, 0), '0.48053884503310321272')
     ✗ ('ulp 1.000991 > 1.0009765625', (13181249, -25), 'hi', (16145363, -25), (0, 1, 0), '0.48116928336052150006')
     ✗ ('ulp 1.000995 > 1.0009765625', (13368856, -25), 'hi', (16424019, -25), (0, 1, 0), '0.48947387930764593893')
     ✗ ('ulp 1.001008 > 1.0009765625', (13442469, -25), 'hi', (16533784, -25), (0, 1, 0), '0.49274513122414089776')
     ✗ ('ulp 1.001002 > 1.0009765625', (13455087, -25), 'hi', (16552623, -25), (0, 1, 0), '0.49330657717579022584')
     ✗ ('ulp 1.000996 > 1.0009765625', (13472027, -25), 'hi', (16577926, -25), (0, 1, 0), '0.49406066533936511368')
     ✗ ('ulp 1.000990 > 1.0009765625', (13499423, -25), 'hi', (16618874, -25), (0, 1, 0), '0.49528101083666185045')
     ✗ ('ulp 1.000992 > 1.0009765625', (13526234, -25), 'hi', (16658980, -25), (0, 1, 0), '0.49647626277827248198')
     ✗ ('ulp 1.001007 > 1.0009765625', (13540767, -25), 'hi', (16680733, -25), (0, 1, 0), '0.49712455269674270316')
  expm1/lo     n= 4278190078 exact=0 sat=1020169704 collapse=4 最悪ulp=1.000572@(16318517, -32) 跨ぎ=-1.000000@None 最小余裕=2.275e-04@(13763959, -25) 非最近接=0 違反候補=0 際どい=0 確定違反=0
  expm1/near   n= 4278190078 exact=0 sat=1020169704 collapse=2 最悪ulp=0.500096@(16138911, -29) 跨ぎ=-1.000000@None 最小余裕=inf@None 非最近接=12006 違反候補=0 際どい=0 確定違反=0
[log] 1020 jobs × 2097152 点, 24 workers
  50/1020  183s  残り≈3553s
  100/1020  307s  残り≈2823s
  150/1020  432s  残り≈2504s
  200/1020  574s  残り≈2352s
  250/1020  699s  残り≈2152s
  300/1020  824s  残り≈1978s
  350/1020  948s  残り≈1815s
  400/1020  1074s  残り≈1665s
  450/1020  1211s  残り≈1534s
  500/1020  1469s  残り≈1527s
  550/1020  1722s  残り≈1471s
  600/1020  1984s  残り≈1389s
  650/1020  2345s  残り≈1335s
  700/1020  2605s  残り≈1191s
  750/1020  2858s  残り≈1029s
  800/1020  3112s  残り≈856s
  850/1020  3371s  残り≈674s
  900/1020  3637s  残り≈485s
  950/1020  3890s  残り≈287s
  1000/1020  4143s  残り≈83s
  1020/1020  4238s  残り≈0s
[log] 完了 4238s  確定違反 3
  log/hi       n= 2139095039 exact=1 sat=0 collapse=0 最悪ulp=1.000993@(13768407, -23) 跨ぎ=1.000000@(8388609, -23) 最小余裕=4.534e-04@(10785556, -23) 非最近接=0 違反候補=3 際どい=0 確定違反=3
     ✗ ('ulp 1.000993 > 1.0009765625', (13768407, -23), 'hi', (16626290, -25), (0, 1, 0), '0.49550202485941247304')
     ✗ ('ulp 1.000988 > 1.0009765625', (13788615, -23), 'hi', (16675502, -25), (0, 1, 0), '0.49696865674890323103')
     ✗ ('ulp 1.000986 > 1.0009765625', (13816189, -23), 'hi', (16742536, -25), (0, 1, 0), '0.49896642562788800373')
  log/lo       n= 2139095039 exact=1 sat=0 collapse=0 最悪ulp=1.000566@(10713293, -23) 跨ぎ=-1.000000@None 最小余裕=2.392e-04@(14065351, -23) 非最近接=0 違反候補=0 際どい=0 確定違反=0
  log/near     n= 2139095039 exact=1 sat=0 collapse=0 最悪ulp=0.500103@(15889825, -24) 跨ぎ=-1.000000@None 最小余裕=inf@None 非最近接=16827 違反候補=0 際どい=0 確定違反=0
[sqrt] 1020 jobs × 2097152 点, 24 workers
  50/1020  351s  残り≈6816s
  100/1020  628s  残り≈5779s
  150/1020  868s  残り≈5035s
  200/1020  1159s  残り≈4753s
  250/1020  1433s  残り≈4415s
  300/1020  1798s  残り≈4315s
  350/1020  2091s  残り≈4003s
  400/1020  2367s  残り≈3668s
  450/1020  2729s  残り≈3457s
  500/1020  2986s  残り≈3106s
  550/1020  3225s  残り≈2756s
  600/1020  3473s  残り≈2431s
  650/1020  3773s  残り≈2148s
  700/1020  4010s  残り≈1833s
  750/1020  4265s  残り≈1535s
  800/1020  4506s  残り≈1239s
  850/1020  4747s  残り≈949s
  900/1020  4988s  残り≈665s
  950/1020  5240s  残り≈386s
  1000/1020  5481s  残り≈110s
  1020/1020  5570s  残り≈0s
[sqrt] 完了 5570s  確定違反 0
  sqrt/hi      n= 2139095039 exact=0 sat=0 collapse=0 最悪ulp=1.000937@(15772023, -144) 跨ぎ=1.000000@(16777214, -144) 最小余裕=4.616e-04@(8461114, -145) 非最近接=0 違反候補=0 際どい=0 確定違反=0
  sqrt/lo      n= 2139095039 exact=0 sat=0 collapse=0 最悪ulp=1.000555@(16325877, -144) 跨ぎ=-1.000000@None 最小余裕=2.595e-04@(8878505, -145) 非最近接=0 違反候補=0 際どい=0 確定違反=0
  sqrt/near    n= 2139095039 exact=0 sat=0 collapse=0 最悪ulp=0.500077@(16294232, -144) 跨ぎ=-1.000000@None 最小余裕=inf@None 非最近接=65029 違反候補=0 際どい=0 確定違反=0
[rsqrt] 1020 jobs × 2097152 点, 24 workers
