[f32] Wout=24 Wk=40 Pc=56 Q=40 XC=7 kmax=186 F=96 fbits=30 (exhaustive (fracmin.py)) NB=232
  exp    e= 36  相対誤差上界 7.581e-12  near ≤ 0.5002 ulp  lo/hi ≤ 1.0007 ulp
  expm1  e= 35  相対誤差上界 2.818e-11  near ≤ 0.5005 ulp  lo/hi ≤ 1.0015 ulp
  log    e= 35  相対誤差上界 2.018e-11  near ≤ 0.5005 ulp  lo/hi ≤ 1.0015 ulp
  sqrt   e= 35  相対誤差上界 1.789e-11  near ≤ 0.5005 ulp  lo/hi ≤ 1.0015 ulp
  rsqrt  e= 33  相対誤差上界 6.050e-11  near ≤ 0.5020 ulp  lo/hi ≤ 1.0059 ulp
  sin    e= 36  相対誤差上界 1.352e-11  near ≤ 0.5002 ulp  lo/hi ≤ 1.0007 ulp
  cos    e= 36  相対誤差上界 1.352e-11  near ≤ 0.5002 ulp  lo/hi ≤ 1.0007 ulp
  x=0 exp    lo   → (8388608, -23) (0, 0, 0)
  x=0 exp    hi   → (8388608, -23) (0, 0, 0)
  x=0 exp    near → (8388608, -23) (0, 0, 0)
  x=0 expm1  lo   → (0, -149) (0, 0, 0)
  x=0 expm1  hi   → (0, -149) (0, 0, 0)
  x=0 expm1  near → (0, -149) (0, 0, 0)
  x=0 log    lo   → (-16777215, 104) (1, 0, 0)
  x=0 log    hi   → (-16777215, 104) (1, 0, 0)
  x=0 log    near → (-16777215, 104) (1, 0, 0)
  x=0 sqrt   lo   → (0, -149) (0, 0, 0)
  x=0 sqrt   hi   → (0, -149) (0, 0, 0)
  x=0 sqrt   near → (0, -149) (0, 0, 0)
  x=0 rsqrt  lo   → (0, -149) (0, 0, 0)
  x=0 rsqrt  hi   → (0, -149) (0, 0, 0)
  x=0 rsqrt  near → (0, -149) (0, 0, 0)
  x=0 sin    lo   → (0, -149) (0, 0, 0)
  x=0 sin    hi   → (0, -149) (0, 0, 0)
  x=0 sin    near → (0, -149) (0, 0, 0)
  x=0 cos    lo   → (16777215, -24) (1, 0, 0)
  x=0 cos    hi   → (8388609, -23) (0, 1, 0)
  x=0 cos    near → (8388608, -23) (1, 1, 0)
  負の log/sqrt/rsqrt: 111 ✓
[log] 1020 jobs × 2097152 点, 24 workers
  50/1020  378s  残り≈7330s
  100/1020  630s  残り≈5792s
  150/1020  904s  残り≈5242s
  200/1020  1158s  残り≈4748s
  250/1020  1415s  残り≈4357s
  300/1020  1671s  残り≈4010s
  350/1020  1926s  残り≈3686s
  400/1020  2187s  残り≈3390s
  450/1020  2457s  残り≈3112s
  500/1020  2713s  残り≈2822s
  550/1020  2966s  残り≈2535s
  600/1020  3208s  残り≈2245s
  650/1020  3578s  残り≈2037s
  700/1020  3836s  残り≈1753s
  750/1020  4130s  残り≈1487s
  800/1020  4406s  残り≈1212s
  850/1020  4792s  残り≈958s
  900/1020  5113s  残り≈682s
  950/1020  5407s  残り≈398s
  1000/1020  5791s  残り≈116s
  1020/1020  5918s  残り≈0s
[log] 完了 5918s  確定違反 0
  log/hi       n= 2139095039 exact=1 sat=0 collapse=0 最悪ulp=1.000993@(13768407, -23) 跨ぎ=1.000000@(8388609, -23) 最小余裕=4.534e-04@(10785556, -23) 非最近接=0 違反候補=0 際どい=0 確定違反=0
  log/lo       n= 2139095039 exact=1 sat=0 collapse=0 最悪ulp=1.000566@(10713293, -23) 跨ぎ=-1.000000@None 最小余裕=2.392e-04@(14065351, -23) 非最近接=0 違反候補=0 際どい=0 確定違反=0
  log/near     n= 2139095039 exact=1 sat=0 collapse=0 最悪ulp=0.500103@(15889825, -24) 跨ぎ=-1.000000@None 最小余裕=inf@None 非最近接=16827 違反候補=0 際どい=0 確定違反=0
[sqrt] 1020 jobs × 2097152 点, 24 workers
  50/1020  350s  残り≈6789s
  100/1020  588s  残り≈5406s
  150/1020  829s  残り≈4806s
  200/1020  1069s  残り≈4381s
  250/1020  1309s  残り≈4032s
  300/1020  1550s  残り≈3720s
  350/1020  1790s  残り≈3427s
  400/1020  2030s  残り≈3147s
  450/1020  2272s  残り≈2878s
  500/1020  2512s  残り≈2613s
  550/1020  2727s  残り≈2331s
  600/1020  2996s  残り≈2097s
  650/1020  3185s  残り≈1813s
  700/1020  3353s  残り≈1533s
  750/1020  3476s  残り≈1251s
  800/1020  3597s  残り≈989s
  850/1020  3717s  残り≈743s
  900/1020  3837s  残り≈512s
  950/1020  3961s  残り≈292s
  1000/1020  4080s  残り≈82s
  1020/1020  4125s  残り≈0s
[sqrt] 完了 4125s  確定違反 0
  sqrt/hi      n= 2139095039 exact=0 sat=0 collapse=0 最悪ulp=1.000937@(15772023, -148) 跨ぎ=1.000000@(16777214, -148) 最小余裕=4.616e-04@(8461114, -149) 非最近接=0 違反候補=0 際どい=0 確定違反=0
  sqrt/lo      n= 2139095039 exact=0 sat=0 collapse=0 最悪ulp=1.000555@(16325877, -148) 跨ぎ=-1.000000@None 最小余裕=2.595e-04@(8878505, -149) 非最近接=0 違反候補=0 際どい=0 確定違反=0
  sqrt/near    n= 2139095039 exact=0 sat=0 collapse=0 最悪ulp=0.500077@(16294232, -148) 跨ぎ=-1.000000@None 最小余裕=inf@None 非最近接=65029 違反候補=0 際どい=0 確定違反=0
[rsqrt] 1020 jobs × 2097152 点, 24 workers
  50/1020  189s  残り≈3675s
  100/1020  316s  残り≈2907s
  150/1020  445s  残り≈2579s
  200/1020  573s  残り≈2348s
  250/1020  701s  残り≈2159s
  300/1020  828s  残り≈1987s
  350/1020  955s  残り≈1827s
  400/1020  1083s  残り≈1678s
  450/1020  1211s  残り≈1534s
  500/1020  1341s  残り≈1395s
  550/1020  1475s  残り≈1261s
  600/1020  1604s  残り≈1123s
  650/1020  1779s  残り≈1012s
  700/1020  1906s  残り≈871s
  750/1020  2041s  残り≈735s
  800/1020  2169s  残り≈596s
  850/1020  2298s  残り≈460s
  900/1020  2426s  残り≈323s
  950/1020  2556s  残り≈188s
  1000/1020  2685s  残り≈54s
  1020/1020  2734s  残り≈0s
[rsqrt] 完了 2734s  確定違反 0
  rsqrt/hi     n= 2139095039 exact=0 sat=0 collapse=0 最悪ulp=1.003890@(8452440, -147) 跨ぎ=1.000000@(8388609, -147) 最小余裕=1.941e-03@(16652737, -148) 非最近接=0 違反候補=0 際どい=0 確定違反=0
  rsqrt/lo     n= 2139095039 exact=0 sat=0 collapse=0 最悪ulp=1.001963@(8471956, -147) 跨ぎ=-1.000000@None 最小余裕=1.005e-03@(16561640, -148) 非最近接=0 違反候補=0 際どい=0 確定違反=0
  rsqrt/near   n= 2139095039 exact=0 sat=0 collapse=0 最悪ulp=0.500057@(14445205, -147) 跨ぎ=-1.000000@None 最小余裕=inf@None 非最近接=62609 違反候補=0 際どい=0 確定違反=0
[trig] 1020 jobs × 2097152 点, 24 workers
  50/1020  235s  残り≈4558s
  100/1020  392s  残り≈3606s
  150/1020  549s  残り≈3182s
  200/1020  705s  残り≈2891s
  250/1020  862s  残り≈2655s
  300/1020  1019s  残り≈2445s
  350/1020  1174s  残り≈2248s
  400/1020  1330s  残り≈2062s
  450/1020  1485s  残り≈1881s
  500/1020  1636s  残り≈1701s
  550/1020  1801s  残り≈1539s
  600/1020  1967s  残り≈1377s
  650/1020  2192s  残り≈1248s
  700/1020  2355s  残り≈1076s
  750/1020  2517s  残り≈906s
  800/1020  2679s  残り≈737s
  850/1020  2840s  残り≈568s
  900/1020  3002s  残り≈400s
  950/1020  3164s  残り≈233s
  1000/1020  3326s  残り≈67s
  1020/1020  3392s  残り≈0s
[trig] 完了 3393s  確定違反 0
  cos/hi       n= 2139095039 exact=0 sat=0 collapse=0 最悪ulp=1.000475@(10295979, 84) 跨ぎ=2.000473@(16512976, -41) 最小余裕=2.127e-04@(16635241, 0) 非最近接=0 違反候補=0 際どい=0 確定違反=0
  cos/lo       n= 2139095039 exact=0 sat=0 collapse=0 最悪ulp=1.000300@(15502845, 12) 跨ぎ=-1.000000@None 最小余裕=1.428e-04@(14120963, 47) 非最近接=0 違反候補=0 際どい=0 確定違反=0
  cos/near     n= 2139095039 exact=0 sat=0 collapse=0 最悪ulp=0.500076@(9608867, -4) 跨ぎ=-1.000000@None 最小余裕=inf@None 非最近接=27445 違反候補=0 際どい=0 確定違反=0
  sin/hi       n= 2139095039 exact=0 sat=0 collapse=0 最悪ulp=1.000473@(14310926, -23) 跨ぎ=2.000473@(11465907, 24) 最小余裕=2.109e-04@(9372625, -24) 非最近接=0 違反候補=0 際どい=0 確定違反=0
  sin/lo       n= 2139095039 exact=0 sat=0 collapse=2 最悪ulp=1.000300@(10739386, -16) 跨ぎ=-1.000000@None 最小余裕=1.416e-04@(8570333, -30) 非最近接=0 違反候補=0 際どい=0 確定違反=0
  sin/near     n= 2139095039 exact=0 sat=0 collapse=1 最悪ulp=0.500073@(9502478, 76) 跨ぎ=-1.000000@None 最小余裕=inf@None 非最近接=27752 違反候補=0 際どい=0 確定違反=0
